// Jest Snapshot v1, https://goo.gl/fbAQLP

exports[`Text area is rendered correctly 1`] = `
<div
  className="mt-4"
>
  <label
    className="font-semibold"
    htmlFor="Mutliline-text"
  >
    Mutliline text
  </label>
  <br />
  <textarea
    className="border border-gray-400 p-2 rounded text-[14px]"
    cols={40}
    id="Mutliline-text"
    name="Mutliline-text"
    onChange={[Function]}
    placeholder="Enter multi-line text"
    required={true}
    rows={4}
  />
  <br />
  <span
    className="text-[12px] text-[#4f4f4f]"
  >
    Enter atleast 200 characters
  </span>
  <br />
  <br />
</div>
`;
