// Jest Snapshot v1, https://goo.gl/fbAQLP

exports[`Text field is rendered correctly 1`] = `
<div
  className="mb-4"
>
  <label
    className="font-semibold"
    htmlFor="textfield-1"
  >
    textfield
  </label>
  <br />
  <input
    className="border border-gray-400 p-1 px-2 rounded mr-1"
    id="textfield-1"
    name="textfield-1"
    onChange={[Function]}
    placeholder="Enter input"
    required={true}
    style={
      Object {
        "width": "undefinedpx",
      }
    }
  />
  <span />
  <br />
  <div
    className="text-[12px] text-[#4f4f4f]"
  >
    Enter input
  </div>
</div>
`;
